// Jest Snapshot v1, https://goo.gl/fbAQLP

exports[`should correctly render LoginPage 1`] = `
<div
  className="box-layout"
>
  <div
    className="box-layout__box"
  >
    <h1
      className="box-layout__title"
    >
      Bobby Le
    </h1>
    <form
      className="form"
      onSubmit={[Function]}
    >
      <input
        className="text-input"
        onChange={[Function]}
        placeholder="email"
        type="text"
        value=""
      />
      <input
        className="text-input"
        onChange={[Function]}
        placeholder="Password"
        type="password"
        value=""
      />
      <button
        className="button"
      >
        Login
      </button>
    </form>
  </div>
</div>
`;
